----------------------------------------------------------
IPC
----------------------------------------------------------
//Create message queue
ubuntu:/home/haolin/docker_test# ipcmk -Q
Message queue id: 0
//check exist message queue
ubuntu:/home/haolin/docker_test# ipcs -q

------ Message Queues --------
key        msqid      owner      perms      used-bytes   messages    
0xc6f15247 0          root       644        0            0           
//add CLONE_NEWIPC and go into new namespace, check message queue
NewNameSpace:/home/haolin/docker_test# ipcs -q

------ Message Queues --------
key        msqid      owner      perms      used-bytes   messages  


----------------------------------------------------------
PID
----------------------------------------------------------
//Without CLONE_NEWPID
NewNameSpace:/home/haolin/docker_learn/code# echo $$
4032
//With CLONE_NEWPID
root@NewNameSpace:/home/haolin/docker_learn/code# echo $$
1


----------------------------------------------------------
mount
----------------------------------------------------------
root@NewNameSpace:/home/haolin/docker_learn/code# mount -t proc proc /proc
root@NewNameSpace:/home/haolin/docker_learn/code# ps a
   PID TTY      STAT   TIME COMMAND
     1 pts/0    S      0:00 /bin/bash
     9 pts/0    R+     0:00 ps a

// mount --make-shared :file change shared between namespace  e.g. /lib
// mount --make-slave :file change spread from parent to slave one way  e.g. /bin
// mount --make-private :file change not shared  e.g. /proc
// mount --make-unbindable :file can not bind e.g. /root


----------------------------------------------------------
NET
----------------------------------------------------------
root@NewNameSpace:/home/haolin/docker_learn/code# ping baidu.com
ping: baidu.com: Temporary failure in name resolution

// use veth make connection between different namespace


----------------------------------------------------------
user
----------------------------------------------------------
$ sudo apt install libcap-dev
$ gcc -Wall namespace_test.c -lcap -o user.o

haolin@ubuntu:~/docker_learn/code$ id -u
1000
haolin@ubuntu:~/docker_learn/code$ id -g
1000
haolin@ubuntu:~/docker_learn/code$ ./user.o 
start main function
in child process
eUID = 65534; eGID = 65534; capability: = cap_chown,cap_dac_override,cap_dac_read_search,cap_fowner,cap_fsetid,cap_kill,cap_setgid,cap_setuid,cap_setpcap,cap_linux_immutable,cap_net_bind_service,cap_net_broadcast,cap_net_admin,cap_net_raw,cap_ipc_lock,cap_ipc_owner,cap_sys_module,cap_sys_rawio,cap_sys_chroot,cap_sys_ptrace,cap_sys_pacct,cap_sys_admin,cap_sys_boot,cap_sys_nice,cap_sys_resource,cap_sys_time,cap_sys_tty_config,cap_mknod,cap_lease,cap_audit_write,cap_audit_control,cap_setfcap,cap_mac_override,cap_mac_admin,cap_syslog,cap_wake_alarm,cap_block_suspend,cap_audit_read+ep
nobody@NewNameSpace:~/docker_learn/code$ 
//userid and groupid changed to 65534, and got all capability when go into new namespace

//set uid(success) set gid(failed)
root@NewNameSpace:~/docker_learn/code# id
uid=0(root) gid=65534(nogroup) groups=65534(nogroup)
